## A牧场牛乳鲜吐司 (item 1, v1 → 新版, 签名行 1/3)
  大吐司袋2509版: 1.7 → 1.000000  [×1.7签名]
  安佳无盐大黄油25kg: 25.502338 → 15.001375
  牧场牛乳鲜吐司面团: 918.279923 → 540.164661
## 榴莲吐司 (item 2, v1 → 新版, 签名行 0/3)
  榴莲乳酪馅2: 101.940511 → 59.965006
  榴莲芒果吐司: 339.635842 → 199.785789
  通版面包袋2509版: 1.689103 → 0.993590
## 巧克力榴莲吐司 (item 3, v1 → 新版, 签名行 0/3)
  巧克力榴莲芒果吐司: 357.268063 → 210.157684
  榴莲乳酪馅2: 101.940511 → 59.965006
  通版面包袋2509版: 1.689103 → 0.993590
## 草莓巧克力爆浆吐司 (item 4, v1 → 新版, 签名行 0/5)
  冻干草莓整粒: 5.340909 → 3.141711
  巧克力吐司馅: 51.084824 → 30.049896
  巧克力淋面: 46.808511 → 27.534418
  草莓巧克力吐司: 484.617556 → 285.069151
  通版面包袋2509版: 1.689103 → 0.993590
## 星空流失吐司 (item 5, v1 → 新版, 签名行 0/7)
  大吐司袋2509版: 1.693803 → 0.996355
  牧场牛乳鲜吐司面团: 484.204674 → 284.826279
  粉色墨西哥皮: 30.781029 → 18.106488
  紫色墨西哥皮: 25.282167 → 14.871863
  芋头馅: 203.810859 → 119.888741
  蛋黄流心馅: 76.36261 → 44.919182
  黄色墨西哥皮: 5.133647 → 3.019792
## 罗马巧克力口味(下架) (item 7, v1 → 新版, 签名行 2/6)
  巧克力泡芙奶油: 169.999973 → 99.999984
  巧克力淋面: 62.24 → 36.611765
  牧场牛乳鲜吐司面团: 136.000068 → 80.000040
  蓝黛高脂可可粉: 0.017 → 0.010000
  趁热天地盖汉堡盒底(凹凸): 1.7 → 1.000000  [×1.7签名]
  趁热天地盖汉堡盒盖(凹凸): 1.7 → 1.000000  [×1.7签名]
## 罗马抹茶口味(下架) (item 8, v1 → 新版, 签名行 2/6)
  抹茶奶油淋面: 34.000001 → 20.000001
  牧场牛乳鲜吐司面团: 136.000068 → 80.000040
  罗马抹茶奶油: 169.999976 → 99.999986
  趁热天地盖汉堡盒底(凹凸): 1.7 → 1.000000  [×1.7签名]
  趁热天地盖汉堡盒盖(凹凸): 1.7 → 1.000000  [×1.7签名]
  趁热有机抹茶粉: 0.017 → 0.010000
## 蓝莓贝果 (item 9, v1 → 新版, 签名行 1/4)
  安德鲁蓝莓颗粒果酱: 8.500001 → 5.000001
  蓝莓贝果: 255.000029 → 150.000017
  贝果糖水: 8.500102 → 5.000060
  通版面包袋2509版: 1.7 → 1.000000  [×1.7签名]
## 抹茶奶酥红豆贝果 (item 10, v1 → 新版, 签名行 1/5)
  抹茶奶酥红豆贝果: 203.999967 → 119.999981
  抹茶奶酥馅: 42.500009 → 25.000005
  欧萨5L果渣橄榄油: 3.539887 → 2.082286
  贝果糖水: 8.500102 → 5.000060
  通版面包袋2509版: 1.7 → 1.000000  [×1.7签名]
## 蒜香贝果 (item 11, v1 → 新版, 签名行 2/5)
  蒜香贝果奶酪: 91.799994 → 53.999996  [×1.7签名]
  蒜香黄油酱: 34.000007 → 20.000004
  贝果糖水: 8.500102 → 5.000060
  贝果面团: 186.999906 → 109.999945
  通版面包袋2509版: 1.7 → 1.000000  [×1.7签名]
## 墨西哥辣椒贝果 (item 12, v1 → 新版, 签名行 2/9)
  MG马苏里拉奶酪: 33.999997 → 19.999998
  丘比沙拉酱(蛋黄口味)(袋装): 10.68 → 6.282353
  墨西哥乐口泰哈雷派尼奥辣椒圈: 17.800001 → 10.470589
  欧萨5L果渣橄榄油: 3.539887 → 2.082286
  百吉福车达芝士片(黄)
(安佳84片黄色再制车达芝士片10×1040g): 20.399999 → 11.999999  [×1.7签名]
  腌制鸡肉: 34.000007 → 20.000004
  贝果糖水: 8.500102 → 5.000060
  贝果面团: 186.999906 → 109.999945
  通版面包袋2509版: 1.7 → 1.000000  [×1.7签名]
## 咖喱贝果 (item 13, v1 → 新版, 签名行 2/5)
  咖喱土豆鸡肉: 42.500006 → 25.000004
  欧萨5L果渣橄榄油: 3.539887 → 2.082286
  百吉福车达芝士片(黄)
(安佳84片黄色再制车达芝士片10×1040g): 20.399999 → 11.999999  [×1.7签名]
  贝果面团: 203.999898 → 119.999940
  通版面包袋2509版: 1.7 → 1.000000  [×1.7签名]
## 巧克力贝果 (item 14, v1 → 新版, 签名行 1/3)
  巧克力贝果: 255.000065 → 150.000038
  碱水: 2.425143 → 1.426555
  通版面包袋2509版: 1.7 → 1.000000  [×1.7签名]
## 海盐贝果(下架) (item 15, v1 → 新版, 签名行 1/5)
  安佳有盐黄油: 25.5 → 15.000000
  焙烤林烘焙盐: 0.17 → 0.100000
  贝果糖水: 8.500102 → 5.000060
  贝果面团: 203.999898 → 119.999940
  通版面包袋2509版: 1.7 → 1.000000  [×1.7签名]
## 碱水红豆贝果 (item 16, v1 → 新版, 签名行 1/5)
  寇曼发酵黄油(飞雪发酵黄油): 26.7 → 15.705882
  碱水: 2.425143 → 1.426555
  粒多多红豆馅JD99K: 102.000014 → 60.000008
  贝果面团: 203.999898 → 119.999940
  通版面包袋2509版: 1.7 → 1.000000  [×1.7签名]
## 焦糖贝果 (item 17, v1 → 新版, 签名行 2/6)
  光泽巧克力淋面(贝果): 16.999999 → 9.999999
  原味冰面包奶油: 101.999982 → 59.999989
  和情缤咖时焦糖饼干: 1.814902 → 1.067589
  贝果面团: 203.999898 → 119.999940
  趁热天地盖汉堡盒底(凹凸): 1.7 → 1.000000  [×1.7签名]
  趁热天地盖汉堡盒盖(凹凸): 1.7 → 1.000000  [×1.7签名]
## 草莓贝果(下架) (item 18, v1 → 新版, 签名行 3/8)
  冻干草莓整粒: 8.9 → 5.235294
  原味冰面包奶油: 101.999982 → 59.999989
  奶贝糖粉: 1.7 → 1.000000  [×1.7签名]
  安德鲁草莓颗粒果酱: 16.999998 → 9.999999
  贝果糖水: 8.500102 → 5.000060
  贝果面团: 203.999898 → 119.999940
  趁热天地盖汉堡盒底(凹凸): 1.7 → 1.000000  [×1.7签名]
  趁热天地盖汉堡盒盖(凹凸): 1.7 → 1.000000  [×1.7签名]
## 奥利奥奶油贝果(下架) (item 21, v1 → 新版, 签名行 3/7)
  光泽巧克力淋面(贝果): 16.999999 → 9.999999
  原味冰面包奶油: 101.999982 → 59.999989
  奥利奥中号饼干碎(无夹心): 3.4 → 2.000000  [×1.7签名]
  碱水: 2.425143 → 1.426555
  贝果面团: 203.999898 → 119.999940
  趁热天地盖汉堡盒底(凹凸): 1.7 → 1.000000  [×1.7签名]
  趁热天地盖汉堡盒盖(凹凸): 1.7 → 1.000000  [×1.7签名]
## 原味可颂 (item 25, v1 → 新版, 签名行 2/3)
  惠灵顿蛋液: 3.399997 → 1.999998  [×1.7签名]
  法式可颂面团(迪比克包油): 135.999996 → 79.999998
  通版面包袋2509版: 1.7 → 1.000000  [×1.7签名]
## 杏仁可颂 (item 30, v1 → 新版, 签名行 2/6)
  杏仁酱: 27.200006 → 16.000004  [×1.7签名]
  池久鲜太妃焦糖酱: 17.000001 → 10.000001
  法式可颂面团(迪比克包油): 135.999996 → 79.999998
  热集去衣扁桃仁片: 33.999999 → 19.999999
  芝兰雅防潮糖粉: 0.017 → 0.010000
  通版面包袋2509版: 1.7 → 1.000000  [×1.7签名]
## 岩烧可颂 (item 31, v1 → 新版, 签名行 1/3)
  岩烧酱: 67.999992 → 39.999995
  法式可颂面团(迪比克包油): 135.999996 → 79.999998
  通版面包袋2509版: 1.7 → 1.000000  [×1.7签名]
## 心动黑巧克力薄脆碱水结 (item 32, v1 → 新版, 签名行 1/4)
  巧克力淋面: 62.24 → 36.611765
  巧克力薄脆片: 34.000002 → 20.000001
  碱水结可颂面团(肯迪雅布列塔尼酥皮黄油片): 203.999991 → 119.999995
  通版面包袋2509版: 1.7 → 1.000000  [×1.7签名]
## 粉色碱水结 (item 33, v1 → 新版, 签名行 1/2)
  法芙娜白脆珠: 17 → 10.000000
  通版面包袋2509版: 1.7 → 1.000000  [×1.7签名]
## 心动黑巧蝴蝶酥 (item 36, v1 → 新版, 签名行 4/5)
  巧克力专版纸袋: 1.7 → 1.000000  [×1.7签名]
  巧克力淋面: 62.24 → 36.611765
  蝴蝶酥A(大): 1.7 → 1.000000  [×1.7签名]
  蝴蝶酥袋2509版: 1.7 → 1.000000  [×1.7签名]
  趁热开心果碎(新品): 3.4 → 2.000000  [×1.7签名]
## 白巧克力蝴蝶酥 (item 37, v1 → 新版, 签名行 3/5)
  巧克力专版纸袋: 1.7 → 1.000000  [×1.7签名]
  白巧克力淋面: 59.499997 → 34.999998
  白蝴蝶酥玫瑰装饰: 8.5 → 5.000000
  蝴蝶酥A(大): 1.7 → 1.000000  [×1.7签名]
  蝴蝶酥袋2509版: 1.7 → 1.000000  [×1.7签名]
## 巧克力泡芙 (item 42, v1 → 新版, 签名行 4/9)
  巧克力泡芙奶油: 169.999973 → 99.999984
  巧克力淋面: 77.8 → 45.764706
  泡芙奶油: 101.999991 → 59.999995
  泡芙面糊: 170.0001 → 100.000059
  海外牙签旗: 1.7 → 1.000000  [×1.7签名]
  蓝黛高脂可可粉: 2.55 → 1.500000  [×1.7签名]
  趁热可可琳娜巧克力刨花: 17.8 → 10.470588
  趁热天地盖汉堡盒底(凹凸): 1.7 → 1.000000  [×1.7签名]
  趁热天地盖汉堡盒盖(凹凸): 1.7 → 1.000000  [×1.7签名]
## 原味蛋挞 (item 43, v1 → 新版, 签名行 2/3)
  蛋挞液(调制): 136.000044 → 80.000026
  趁热起酥片A(圆): 1.7 → 1.000000  [×1.7签名]
  通版面包袋2509版: 1.7 → 1.000000  [×1.7签名]
## 开心果蛋挞 (item 44, v1 → 新版, 签名行 3/6)
  安德鲁草莓颗粒果酱: 16.999998 → 9.999999
  池久鲜太妃焦糖酱: 5.1 → 3.000000  [×1.7签名]
  蛋挞液(调制): 136.000044 → 80.000026
  趁热开心果碎(新品): 8.5 → 5.000000
  趁热白色4寸汉堡盒(含印刷): 1.7 → 1.000000  [×1.7签名]
  趁热起酥片A(圆): 1.7 → 1.000000  [×1.7签名]
## 巧克力蛋挞 (item 45, v1 → 新版, 签名行 3/5)
  甘纳许: 34.000003 → 20.000002
  蓝黛高脂可可粉: 3.4 → 2.000000  [×1.7签名]
  蛋挞液(调制): 136.000044 → 80.000026
  趁热起酥片A(圆): 1.7 → 1.000000  [×1.7签名]
  通版面包袋2509版: 1.7 → 1.000000  [×1.7签名]
## 菲力牛肉塔 (item 49, v1 → 新版, 签名行 3/6)
  丘比沙拉酱(蛋黄口味)(袋装): 35.6 → 20.941176
  味好美欧芹叶(香芹片): 0.017 → 0.010000
  安佳冷冻马苏里拉干酪碎条1KG: 5.1 → 3.000000  [×1.7签名]
  牛肉馅(塔): 84.999993 → 49.999996
  趁热起酥片A(圆): 1.7 → 1.000000  [×1.7签名]
  通版面包袋2509版: 1.7 → 1.000000  [×1.7签名]
## 抹茶树莓挞(圆大挞) (item 50, v1 → 新版, 签名行 4/8)
  安德鲁树莓颗粒果酱: 20.400001 → 12.000001  [×1.7签名]
  抹茶奶油打软(抹茶巴斯克、抹茶蛋挞): 85.000004 → 50.000002
  海外插排: 1.7 → 1.000000  [×1.7签名]
  淡奶油(9成发): 34.000005 → 20.000003
  蛋挞包油(迪比克): 93.50001 → 55.000006
  蛋挞液(调制): 136.000044 → 80.000026
  趁热天地盖汉堡盒底(凹凸): 1.7 → 1.000000  [×1.7签名]
  趁热天地盖汉堡盒盖(凹凸): 1.7 → 1.000000  [×1.7签名]
## 抹茶巴斯克 (item 53, v1 → 新版, 签名行 12/15)
  巴斯克蛋糕胚体(四寸): 1.7 → 1.000000  [×1.7签名]
  抹茶奶油打软(抹茶巴斯克、抹茶蛋挞): 68.000003 → 40.000002
  抹茶奶油淋面: 42.500002 → 25.000001
  海外插排: 1.7 → 1.000000  [×1.7签名]
  趁热天地盖汉堡盒底(凹凸): 1.7 → 1.000000  [×1.7签名]
  趁热天地盖汉堡盒盖(凹凸): 1.7 → 1.000000  [×1.7签名]
  冻干草莓整粒: 3.56 → 2.094118
  原味巴斯克蛋糕糊(900)(八寸): 1.7 → 1.000000  [×1.7签名]
  安德鲁树莓颗粒果酱: 5.1 → 3.000000  [×1.7签名]
  抹茶奶油打软(抹茶巴斯克、抹茶蛋挞): 30.600001 → 18.000001  [×1.7签名]
  抹茶奶油淋面: 22.100001 → 13.000001  [×1.7签名]
  海外插排: 1.7 → 1.000000  [×1.7签名]
  趁热天地盖汉堡盒底(凹凸): 1.7 → 1.000000  [×1.7签名]
  趁热天地盖汉堡盒盖(凹凸): 1.7 → 1.000000  [×1.7签名]
  趁热有机抹茶粉: 0.85 → 0.500000  [×1.7签名]
## 奥利奥巴斯克(下架) (item 54, v1 → 新版, 签名行 4/6)
  奥利奥中号饼干碎(无夹心): 25.499996 → 14.999998
  巧克力奶油(奥利奥巴斯克): 67.999993 → 39.999996
  巴斯克蛋糕胚体(四寸): 1.7 → 1.000000  [×1.7签名]
  海外插排: 1.7 → 1.000000  [×1.7签名]
  趁热天地盖汉堡盒底(凹凸): 1.7 → 1.000000  [×1.7签名]
  趁热天地盖汉堡盒盖(凹凸): 1.7 → 1.000000  [×1.7签名]
## 开心果巴斯克 (item 57, v1 → 新版, 签名行 6/7)
  巧克力淋面: 31.12 → 18.305882
  巴斯克蛋糕胚体(四寸): 1.7 → 1.000000  [×1.7签名]
  开心果奶油: 96.900003 → 57.000002  [×1.7签名]
  海外插排: 1.7 → 1.000000  [×1.7签名]
  趁热天地盖汉堡盒底(凹凸): 1.7 → 1.000000  [×1.7签名]
  趁热天地盖汉堡盒盖(凹凸): 1.7 → 1.000000  [×1.7签名]
  趁热开心果碎(新品): 3.4 → 2.000000  [×1.7签名]
## 焦糖黄油曲奇 (item 58, v1 → 新版, 签名行 0/3)
  原味曲奇面团: 221.000006 → 130.000004
  寇曼发酵黄油(飞雪发酵黄油): 3.56 → 2.094118
  池久鲜太妃焦糖酱: 17.000001 → 10.000001
## 树莓开心果曲奇 (item 59, v1 → 新版, 签名行 0/4)
  原味曲奇面团: 221.000006 → 130.000004
  安德鲁树莓颗粒果酱: 17.000001 → 10.000001
  寇曼发酵黄油(飞雪发酵黄油): 3.56 → 2.094118
  趁热开心果碎(新品): 0.017 → 0.010000
## 抹茶曲奇 (item 60, v1 → 新版, 签名行 1/2)
  抹茶曲奇面团: 221.000032 → 130.000019
  淡奶油(9成发): 13.600002 → 8.000001  [×1.7签名]
## 巧克力曲奇 (item 61, v1 → 新版, 签名行 1/3)
  可可曲奇面团: 220.99999 → 129.999994
  巧克力淋面: 31.12 → 18.305882
  淡奶油(9成发): 13.600002 → 8.000001  [×1.7签名]
## 草莓拿破仑(全部) (item 67, v1 → 新版, 签名行 1/3)
  冻干草莓整粒: 5.34 → 3.141176
  巧克力淋面: 62.24 → 36.611765
  通版面包袋2509版: 1.7 → 1.000000  [×1.7签名]
## 巧克力刨花巴斯克 (item 74, v1 → 新版, 签名行 6/7)
  哈斗馅: 30.600004 → 18.000002  [×1.7签名]
  巧克力巴斯克面糊(900)(八寸): 1.7 → 1.000000  [×1.7签名]
  海外插排: 1.7 → 1.000000  [×1.7签名]
  蓝黛高脂可可粉: 0.85 → 0.500000  [×1.7签名]
  趁热可可琳娜巧克力刨花: 14.24 → 8.376471
  趁热天地盖汉堡盒底(凹凸): 1.7 → 1.000000  [×1.7签名]
  趁热天地盖汉堡盒盖(凹凸): 1.7 → 1.000000  [×1.7签名]
## 半糖伊朗开心果奶油拿破仑酥 (item 75, v1 → 新版, 签名行 5/8)
  TS韩国幼砂糖: 5.099998 → 2.999999  [×1.7签名]
  安德鲁树莓颗粒果酱: 11.900001 → 7.000001  [×1.7签名]
  巧克力淋面: 18.672 → 10.983529
  开心果奶油: 59.500002 → 35.000001
  法式可颂面团(肯迪雅布列塔尼酥皮黄油片): 68.000015 → 40.000009
  淡奶油(9成发): 18.700003 → 11.000002  [×1.7签名]
  趁热开心果碎(新品): 3.4 → 2.000000  [×1.7签名]
  通版面包袋2509版: 1.7 → 1.000000  [×1.7签名]
## 玫瑰奶油锥锥筒 (item 76, v1 → 新版, 签名行 5/9)
  TS韩国幼砂糖: 5.099998 → 2.999999  [×1.7签名]
  仙人掌白巧淋面: 20.399998 → 11.999999  [×1.7签名]
  冻干草莓整粒: 5.34 → 3.141176
  安德鲁树莓颗粒果酱: 11.900001 → 7.000001  [×1.7签名]
  安德鲁草莓颗粒果酱: 11.899999 → 6.999999  [×1.7签名]
  树莓黄油霜: 76.499998 → 44.999999
  法式可颂面团(肯迪雅布列塔尼酥皮黄油片): 68.000015 → 40.000009
  通版面包袋2509版: 1.7 → 1.000000  [×1.7签名]
  食用冻干玫瑰花瓣: 0.17 → 0.100000
## 半糖香水柠檬锥锥筒 (item 77, v1 → 新版, 签名行 3/5)
  TS韩国幼砂糖: 5.099998 → 2.999999  [×1.7签名]
  法式可颂面团(肯迪雅布列塔尼酥皮黄油片): 68.000015 → 40.000009
  芝兰雅防潮糖粉: 1.7 → 1.000000  [×1.7签名]
  通版面包袋2509版: 1.7 → 1.000000  [×1.7签名]
  香水柠檬奶油: 51.000005 → 30.000003
## 红豆松松吐司 (item 78, v1 → 新版, 签名行 1/5)
  吐司类面团: 339.999992 → 199.999995
  味斯美肉松(红袋装饰)松松原味: 71.2 → 41.882353
  大吐司袋2509版: 1.7 → 1.000000  [×1.7签名]
  粒多多红豆馅JD99K: 136.000019 → 80.000011
  自制沙拉酱: 68.000007 → 40.000004
## 抹茶奶油碱水结 (item 79, v1 → 新版, 签名行 3/5)
  抹茶奶油: 57.799995 → 33.999997  [×1.7签名]
  碱水结可颂面团(肯迪雅布列塔尼酥皮黄油片): 203.999991 → 119.999995
  趁热有机抹茶粉: 2.55 → 1.500000  [×1.7签名]
  趁热集合33.5白巧克力: 6.23 → 3.664706
  通版面包袋2509版: 1.7 → 1.000000  [×1.7签名]
## 焦糖碱水结 (item 80, v1 → 新版, 签名行 2/4)
  和情缤咖时焦糖饼干: 4.537255 → 2.668974
  池久鲜太妃焦糖酱: 78.200003 → 46.000002  [×1.7签名]
  碱水结可颂面团(肯迪雅布列塔尼酥皮黄油片): 203.999991 → 119.999995
  通版面包袋2509版: 1.7 → 1.000000  [×1.7签名]
## 榛子巧克力碱水结 (item 81, v1 → 新版, 签名行 3/4)
  榛子巧克力淋面: 56.1 → 33.000000  [×1.7签名]
  碱水结可颂面团(肯迪雅布列塔尼酥皮黄油片): 203.999991 → 119.999995
  蓝黛高脂可可粉: 2.55 → 1.500000  [×1.7签名]
  通版面包袋2509版: 1.7 → 1.000000  [×1.7签名]
## 开心果片碱水结 (item 82, v1 → 新版, 签名行 3/4)
  开心果生巧: 56.100003 → 33.000002  [×1.7签名]
  碱水结可颂面团(肯迪雅布列塔尼酥皮黄油片): 203.999991 → 119.999995
  趁热开心果片800g: 27.199999 → 15.999999  [×1.7签名]
  通版面包袋2509版: 1.7 → 1.000000  [×1.7签名]
## 咖啡坚果碱水结 (item 83, v1 → 新版, 签名行 6/10)
  咖啡奶酪酱: 56.100001 → 33.000001  [×1.7签名]
  焦糖榛子: 30.599998 → 17.999999  [×1.7签名]
  碱水结可颂面团(肯迪雅布列塔尼酥皮黄油片): 203.999991 → 119.999995
  芝兰雅防潮糖粉: 1.7 → 1.000000  [×1.7签名]
  通版面包袋2509版: 1.7 → 1.000000  [×1.7签名]
  咖啡焦糖酱: 51.000002 → 30.000001
  法式丹麦面团(飞雪黄油片): 170.000046 → 100.000027
  焦糖榛子: 25.499999 → 14.999999
  芝兰雅防潮糖粉: 1.7 → 1.000000  [×1.7签名]
  通版面包袋2509版: 1.7 → 1.000000  [×1.7签名]
## 番茄牛肉塔 (item 84, v1 → 新版, 签名行 3/5)
  土豆泥: 102.000032 → 60.000019
  小番茄: 29.217391 → 17.186701
  番茄牛肉馅: 64.600004 → 38.000002  [×1.7签名]
  趁热起酥片A(圆): 1.7 → 1.000000  [×1.7签名]
  通版面包袋2509版: 1.7 → 1.000000  [×1.7签名]
## 迷你蝴蝶酥 (item 85, v1 → 新版, 签名行 2/4)
  冻干草莓整粒: 1.78 → 1.047059
  太古蔗香金砂糖(原蔗糖)1kg: 15.299998 → 8.999999  [×1.7签名]
  巧克力淋面: 15.56 → 9.152941
  通版面包袋2509版: 1.7 → 1.000000  [×1.7签名]
## 开心果碎碱水结 (item 86, v1 → 新版, 签名行 1/4)
  开心果生巧(新): 59.500003 → 35.000002
  趁热开心果片800g: 8.5 → 5.000000
  趁热开心果碎(新品): 17 → 10.000000
  通版面包袋2509版: 1.7 → 1.000000  [×1.7签名]
## 焦糖饼干碱水结 (item 87, v1 → 新版, 签名行 1/3)
  和情缤咖时焦糖饼干: 5.671569 → 3.336217
  法式丹麦面团(飞雪黄油片): 170.000046 → 100.000027
  通版面包袋2509版: 1.7 → 1.000000  [×1.7签名]
## 黑巧薄脆碱水结 (item 88, v1 → 新版, 签名行 1/4)
  巧克力淋面: 108.92 → 64.070588
  巧克力薄脆片: 42.500003 → 25.000002
  法式丹麦面团(飞雪黄油片): 170.000046 → 100.000027
  通版面包袋2509版: 1.7 → 1.000000  [×1.7签名]
## 迪拜巧克力碱水结 (item 89, v1 → 新版, 签名行 2/6)
  巧克力淋面: 12.448 → 7.322353
  开心果生巧(新): 17.000001 → 10.000001
  开心果酥皮丝: 68.000004 → 40.000002
  法式丹麦面团(飞雪黄油片): 170.000046 → 100.000027
  趁热开心果碎(新品): 3.4 → 2.000000  [×1.7签名]
  通版面包袋2509版: 1.7 → 1.000000  [×1.7签名]
## 咸蛋黄碱水结 (item 91, v1 → 新版, 签名行 3/8)
  咸蛋黄牛肉: 84.999999 → 49.999999
  咸蛋黄皮: 33.999999 → 19.999999
  墨西哥乐口泰哈雷派尼奥辣椒圈: 8.900001 → 5.235295
  法式丹麦面团(飞雪黄油片): 170.000046 → 100.000027
  百吉福车达芝士片(黄)
(安佳84片黄色再制车达芝士片10×1040g): 23.799999 → 13.999999  [×1.7签名]
  纯咸蛋黄粉(熟): 6.8 → 4.000000  [×1.7签名]
  通版面包袋2509版: 1.7 → 1.000000  [×1.7签名]
  马苏里拉碎: 8.9 → 5.235294
## 罗马草莓口味(下架) (item 6, v2 → 新版, 签名行 3/9)
  安德鲁草莓颗粒果酱: 33.999996 → 19.999998
  新鲜树莓: 9.338614 → 5.493302
  新鲜草莓: 28.9 → 17.000000  [×1.7签名]
  新鲜蓝莓: 10.168164 → 5.981273
  淡奶油(9成发): 170.000026 → 100.000015
  牧场牛乳鲜吐司面团: 136.000068 → 80.000040
  芝兰雅防潮糖粉: 0.017 → 0.010000
  趁热天地盖汉堡盒底(凹凸): 1.7 → 1.000000  [×1.7签名]
  趁热天地盖汉堡盒盖(凹凸): 1.7 → 1.000000  [×1.7签名]
## 草莓奶油贝果(下架) (item 19, v2 → 新版, 签名行 3/8)
  原味冰面包奶油: 101.999982 → 59.999989
  安德鲁草莓颗粒果酱: 16.999998 → 9.999999
  开心果奶油: 17.000001 → 10.000001
  新鲜草莓: 28.9 → 17.000000  [×1.7签名]
  贝果糖水: 8.500102 → 5.000060
  贝果面团: 203.999898 → 119.999940
  趁热天地盖汉堡盒底(凹凸): 1.7 → 1.000000  [×1.7签名]
  趁热天地盖汉堡盒盖(凹凸): 1.7 → 1.000000  [×1.7签名]
## 蓝莓奶油贝果 (item 20, v2 → 新版, 签名行 2/7)
  安德鲁蓝莓颗粒果酱: 17.000002 → 10.000001
  新鲜蓝莓: 13.557552 → 7.975031
  碱水: 2.425143 → 1.426555
  蓝莓奶油(贝果): 101.999988 → 59.999993
  贝果面团: 203.999898 → 119.999940
  趁热天地盖汉堡盒底(凹凸): 1.7 → 1.000000  [×1.7签名]
  趁热天地盖汉堡盒盖(凹凸): 1.7 → 1.000000  [×1.7签名]
## 蓝莓盐面包(下架) (item 22, v2 → 新版, 签名行 1/6)
  安德鲁蓝莓颗粒果酱: 51.000005 → 30.000003
  新鲜蓝莓: 33.893879 → 19.937576
  芝兰雅防潮糖粉: 0.017 → 0.010000
  贝果面团: 135.999931 → 79.999959
  趁热白色4寸汉堡盒(含印刷): 3.4 → 2.000000  [×1.7签名]
  酸奶奶油: 195.50001 → 115.000006
## 树莓盐面包(下架) (item 23, v2 → 新版, 签名行 1/8)
  安德鲁树莓颗粒果酱: 42.500003 → 25.000002
  开心果奶油: 76.500002 → 45.000001
  新鲜树莓: 12.451485 → 7.324403
  芝兰雅防潮糖粉: 0.017 → 0.010000
  贝果面团: 135.999931 → 79.999959
  趁热开心果碎(新品): 0.017 → 0.010000
  趁热白色4寸汉堡盒(含印刷): 3.4 → 2.000000  [×1.7签名]
  酸奶奶油: 119.000006 → 70.000004
## 草莓盐面包(下架) (item 24, v2 → 新版, 签名行 1/7)
  安德鲁草莓颗粒果酱: 59.499993 → 34.999996
  新鲜草莓: 102 → 60.000000
  芝兰雅防潮糖粉: 0.017 → 0.010000
  贝果面团: 135.999931 → 79.999959
  趁热开心果碎(新品): 0.017 → 0.010000
  趁热白色4寸汉堡盒(含印刷): 3.4 → 2.000000  [×1.7签名]
  酸奶奶油: 153.000007 → 90.000004
## 蓝莓奶油可颂 (item 26, v2 → 新版, 签名行 3/8)
  安德鲁蓝莓颗粒果酱: 51.000005 → 30.000003
  新鲜蓝莓: 33.893879 → 19.937576
  法式可颂面团(迪比克包油): 135.999996 → 79.999998
  海外插排: 1.7 → 1.000000  [×1.7签名]
  芝兰雅防潮糖粉: 0.017 → 0.010000
  趁热天地盖汉堡盒底(凹凸): 1.7 → 1.000000  [×1.7签名]
  趁热天地盖汉堡盒盖(凹凸): 1.7 → 1.000000  [×1.7签名]
  酸奶奶油: 170.000008 → 100.000005
## 树莓奶油可颂 (item 27, v2 → 新版, 签名行 3/10)
  安德鲁树莓颗粒果酱: 42.500003 → 25.000002
  开心果奶油: 76.500002 → 45.000001
  新鲜树莓: 12.451485 → 7.324403
  法式可颂面团(迪比克包油): 135.999996 → 79.999998
  海外插排: 1.7 → 1.000000  [×1.7签名]
  芝兰雅防潮糖粉: 0.017 → 0.010000
  趁热天地盖汉堡盒底(凹凸): 1.7 → 1.000000  [×1.7签名]
  趁热天地盖汉堡盒盖(凹凸): 1.7 → 1.000000  [×1.7签名]
  趁热开心果碎(新品): 0.017 → 0.010000
  酸奶奶油: 93.500005 → 55.000003
## 草莓奶油可颂 (item 28, v2 → 新版, 签名行 4/9)
  安德鲁草莓颗粒果酱: 59.499993 → 34.999996
  新鲜草莓: 86.7 → 51.000000  [×1.7签名]
  法式可颂面团(迪比克包油): 135.999996 → 79.999998
  海外插排: 1.7 → 1.000000  [×1.7签名]
  芝兰雅防潮糖粉: 0.017 → 0.010000
  趁热天地盖汉堡盒底(凹凸): 1.7 → 1.000000  [×1.7签名]
  趁热天地盖汉堡盒盖(凹凸): 1.7 → 1.000000  [×1.7签名]
  趁热开心果碎(新品): 0.017 → 0.010000
  酸奶奶油: 153.000007 → 90.000004
## 玫瑰奶油可颂 (item 29, v2 → 新版, 签名行 4/11)
  安德鲁草莓颗粒果酱: 16.999998 → 9.999999
  新鲜树莓: 6.225742 → 3.662201
  新鲜草莓: 28.9 → 17.000000  [×1.7签名]
  法式可颂面团(迪比克包油): 135.999996 → 79.999998
  海外插排: 1.7 → 1.000000  [×1.7签名]
  淡奶油(9成发): 42.500006 → 25.000004
  玫瑰花瓣: 0.017 → 0.010000
  芝兰雅耐冻即用镜面果胶: 0.106799 → 0.062823
  芝兰雅防潮糖粉: 0.017 → 0.010000
  趁热天地盖汉堡盒底(凹凸): 1.7 → 1.000000  [×1.7签名]
  趁热天地盖汉堡盒盖(凹凸): 1.7 → 1.000000  [×1.7签名]
## 草莓奶油泡芙(大) (item 38, v2 → 新版, 签名行 5/8)
  奶贝糖粉: 4.250001 → 2.500001  [×1.7签名]
  安德鲁草莓颗粒果酱: 33.999996 → 19.999998
  新鲜草莓: 57.8 → 34.000000  [×1.7签名]
  泡芙奶油: 237.99998 → 139.999988
  泡芙面糊: 170.0001 → 100.000059
  海外牙签旗: 1.7 → 1.000000  [×1.7签名]
  趁热天地盖汉堡盒底(凹凸): 1.7 → 1.000000  [×1.7签名]
  趁热天地盖汉堡盒盖(凹凸): 1.7 → 1.000000  [×1.7签名]
## 蓝莓奶油泡芙(小) (item 39, v2 → 新版, 签名行 3/7)
  安德鲁蓝莓颗粒果酱: 34.000004 → 20.000002
  新鲜蓝莓: 20.336328 → 11.962546
  泡芙奶油: 271.999977 → 159.999986
  泡芙面糊: 170.0001 → 100.000059
  海外牙签旗: 1.7 → 1.000000  [×1.7签名]
  趁热天地盖汉堡盒底(凹凸): 1.7 → 1.000000  [×1.7签名]
  趁热天地盖汉堡盒盖(凹凸): 1.7 → 1.000000  [×1.7签名]
## 草莓奶油泡芙(小) (item 40, v2 → 新版, 签名行 4/8)
  安德鲁草莓颗粒果酱: 33.999996 → 19.999998
  新鲜草莓: 57.8 → 34.000000  [×1.7签名]
  新鲜蓝莓: 10.168164 → 5.981273
  泡芙奶油: 271.999977 → 159.999986
  泡芙面糊: 170.0001 → 100.000059
  海外牙签旗: 1.7 → 1.000000  [×1.7签名]
  趁热天地盖汉堡盒底(凹凸): 1.7 → 1.000000  [×1.7签名]
  趁热天地盖汉堡盒盖(凹凸): 1.7 → 1.000000  [×1.7签名]
## 巧克力抹茶树莓奶油泡芙(下架) (item 41, v2 → 新版, 签名行 4/9)
  安德鲁树莓颗粒果酱: 8.500001 → 5.000001
  巧克力淋面: 93.36 → 54.917647
  抹茶泡芙奶油: 292.40002 → 172.000012  [×1.7签名]
  新鲜树莓: 12.451485 → 7.324403
  泡芙面糊: 170.0001 → 100.000059
  海外牙签旗: 1.7 → 1.000000  [×1.7签名]
  趁热天地盖汉堡盒底(凹凸): 1.7 → 1.000000  [×1.7签名]
  趁热天地盖汉堡盒盖(凹凸): 1.7 → 1.000000  [×1.7签名]
  趁热开心果碎(新品): 0.017 → 0.010000
## 草莓奶油蛋挞 (item 46, v2 → 新版, 签名行 5/9)
  安德鲁草莓颗粒果酱: 5.099999 → 2.999999  [×1.7签名]
  新鲜草莓: 57.8 → 34.000000  [×1.7签名]
  海外插排: 1.7 → 1.000000  [×1.7签名]
  淡奶油(9成发): 51.000008 → 30.000005
  芝兰雅防潮糖粉: 0.017 → 0.010000
  蛋挞液(调制): 136.000044 → 80.000026
  趁热开心果碎(新品): 0.017 → 0.010000
  趁热白色4寸汉堡盒(含印刷): 1.7 → 1.000000  [×1.7签名]
  趁热起酥片A(圆): 1.7 → 1.000000  [×1.7签名]
## 蓝莓奶油蛋挞 (item 47, v2 → 新版, 签名行 6/8)
  安德鲁蓝莓颗粒果酱: 5.100001 → 3.000001  [×1.7签名]
  新鲜蓝莓: 61.008983 → 35.887637
  海外插排: 1.7 → 1.000000  [×1.7签名]
  淡奶油(9成发): 37.400005 → 22.000003  [×1.7签名]
  蛋挞液(调制): 136.000044 → 80.000026
  趁热开心果碎(新品): 0.85 → 0.500000  [×1.7签名]
  趁热白色4寸汉堡盒(含印刷): 1.7 → 1.000000  [×1.7签名]
  趁热起酥片A(圆): 1.7 → 1.000000  [×1.7签名]
## 玫瑰草莓奶油蛋挞 (item 48, v2 → 新版, 签名行 6/9)
  安德鲁草莓颗粒果酱: 5.099999 → 2.999999  [×1.7签名]
  新鲜草莓: 86.7 → 51.000000  [×1.7签名]
  海外插排: 1.7 → 1.000000  [×1.7签名]
  淡奶油(6成发): 5.100001 → 3.000001  [×1.7签名]
  玫瑰花瓣: 0.017 → 0.010000
  芝兰雅防潮糖粉: 0.017 → 0.010000
  蛋挞液(调制): 136.000044 → 80.000026
  趁热白色4寸汉堡盒(含印刷): 1.7 → 1.000000  [×1.7签名]
  趁热起酥片A(圆): 1.7 → 1.000000  [×1.7签名]
## 心动草莓蛋挞(圆大挞) (item 51, v2 → 新版, 签名行 5/10)
  安德鲁草莓颗粒果酱: 13.599998 → 7.999999  [×1.7签名]
  新鲜草莓: 86.7 → 51.000000  [×1.7签名]
  新鲜蓝莓: 10.168164 → 5.981273
  海外插排: 1.7 → 1.000000  [×1.7签名]
  淡奶油(9成发): 85.000013 → 50.000008
  芝兰雅防潮糖粉: 0.017 → 0.010000
  蛋挞包油(迪比克): 93.50001 → 55.000006
  蛋挞液(调制): 136.000044 → 80.000026
  趁热天地盖汉堡盒底(凹凸): 1.7 → 1.000000  [×1.7签名]
  趁热天地盖汉堡盒盖(凹凸): 1.7 → 1.000000  [×1.7签名]
## 心动树莓奶油挞(圆大挞) (item 52, v2 → 新版, 签名行 5/9)
  安德鲁树莓颗粒果酱: 13.600001 → 8.000001  [×1.7签名]
  新鲜树莓: 56.031682 → 32.959813
  海外插排: 1.7 → 1.000000  [×1.7签名]
  淡奶油(9成发): 85.000013 → 50.000008
  蛋挞包油(迪比克): 93.50001 → 55.000006
  蛋挞液(调制): 136.000044 → 80.000026
  趁热天地盖汉堡盒底(凹凸): 1.7 → 1.000000  [×1.7签名]
  趁热天地盖汉堡盒盖(凹凸): 1.7 → 1.000000  [×1.7签名]
  趁热开心果碎(新品): 0.85 → 0.500000  [×1.7签名]
## 草莓巴斯克 (item 55, v2 → 新版, 签名行 6/9)
  安德鲁草莓颗粒果酱: 16.999998 → 9.999999
  巴斯克蛋糕胚体(四寸): 1.7 → 1.000000  [×1.7签名]
  新鲜草莓: 86.7 → 51.000000  [×1.7签名]
  海外插排: 1.7 → 1.000000  [×1.7签名]
  淡奶油(6成发): 13.600002 → 8.000001  [×1.7签名]
  淡奶油(9成发): 51.000008 → 30.000005
  芝兰雅防潮糖粉: 0.017 → 0.010000
  趁热天地盖汉堡盒底(凹凸): 1.7 → 1.000000  [×1.7签名]
  趁热天地盖汉堡盒盖(凹凸): 1.7 → 1.000000  [×1.7签名]
## 野果蓝莓黑巧巴斯克 (item 56, v2 → 新版, 签名行 4/8)
  安德鲁蓝莓颗粒果酱: 17.000002 → 10.000001
  巴斯克蛋糕胚体(四寸): 1.7 → 1.000000  [×1.7签名]
  新鲜蓝莓: 23.725715 → 13.956303
  海外插排: 1.7 → 1.000000  [×1.7签名]
  淡奶油(9成发): 68.00001 → 40.000006
  芝兰雅防潮糖粉: 0.017 → 0.010000
  趁热天地盖汉堡盒底(凹凸): 1.7 → 1.000000  [×1.7签名]
  趁热天地盖汉堡盒盖(凹凸): 1.7 → 1.000000  [×1.7签名]
## 菲力牛肉派 (item 69, v2 → 新版, 签名行 1/4)
  蛋挞面(牛肉派): 169.999965 → 99.999979
  牛肉派馅料: 170.000002 → 100.000001
  蛋黄: 5.933333 → 3.490196
  通版面包袋2509版: 1.7 → 1.000000  [×1.7签名]
## 菲力牛肉派(网状) (item 70, v2 → 新版, 签名行 1/5)
  蛋挞面(牛肉派): 135.999972 → 79.999984
  牛肉派馅料: 136.000001 → 80.000001
  蛋黄: 5.933333 → 3.490196
  辣椒粉: 3.56 → 2.094118
  通版面包袋2509版: 1.7 → 1.000000  [×1.7签名]
## 蓝莓香缇软心巴斯克 (item 71, v2 → 新版, 签名行 4/8)
  原味巴斯克蛋糕糊(900)(八寸): 1.7 → 1.000000  [×1.7签名]
  安德鲁蓝莓颗粒果酱: 25.500003 → 15.000002
  新鲜蓝莓: 10.168164 → 5.981273
  海外插排: 1.7 → 1.000000  [×1.7签名]
  淡奶油(9成发): 17.000003 → 10.000002
  趁热天地盖汉堡盒底(凹凸): 1.7 → 1.000000  [×1.7签名]
  趁热天地盖汉堡盒盖(凹凸): 1.7 → 1.000000  [×1.7签名]
  趁热开心果碎(新品): 0.17 → 0.100000
## 树莓香缇软心巴斯克 (item 72, v2 → 新版, 签名行 5/8)
  原味巴斯克蛋糕糊(900)(八寸): 1.7 → 1.000000  [×1.7签名]
  安德鲁树莓颗粒果酱: 22.100001 → 13.000001  [×1.7签名]
  新鲜树莓: 6.225742 → 3.662201
  海外插排: 1.7 → 1.000000  [×1.7签名]
  淡奶油(9成发): 17.000003 → 10.000002
  趁热天地盖汉堡盒底(凹凸): 1.7 → 1.000000  [×1.7签名]
  趁热天地盖汉堡盒盖(凹凸): 1.7 → 1.000000  [×1.7签名]
  趁热开心果碎(新品): 0.17 → 0.100000
## 巧克力巴斯克 (item 73, v2 → 新版, 签名行 9/13)
  光泽巧克力淋面(贝果): 16.999999 → 9.999999
  安德鲁树莓颗粒果酱: 13.600001 → 8.000001  [×1.7签名]
  巧克力巴斯克面糊(900)(八寸): 1.7 → 1.000000  [×1.7签名]
  新鲜树莓: 3.112871 → 1.831101
  海外插排: 1.7 → 1.000000  [×1.7签名]
  淡奶油(9成发): 11.900002 → 7.000001  [×1.7签名]
  甘纳许: 20.400002 → 12.000001  [×1.7签名]
  蓝黛高脂可可粉: 3.4 → 2.000000  [×1.7签名]
  趁热可可琳娜巧克力刨花: 3.56 → 2.094118
  趁热天地盖汉堡盒底(凹凸): 1.7 → 1.000000  [×1.7签名]
  趁热天地盖汉堡盒盖(凹凸): 1.7 → 1.000000  [×1.7签名]
  趁热开心果碎(新品): 1.36 → 0.800000
  车厘子: 1.7 → 1.000000  [×1.7签名]
## 番茄牛肉碱水结 (item 90, v2 → 新版, 签名行 2/8)
  小番茄: 24.347826 → 14.322251
  新鲜欧芹: 5 → 2.941176
  法式丹麦面团(飞雪黄油片): 170.000046 → 100.000027
  炒蘑菇片: 17 → 10.000000
  番茄牛肉(碱水结): 34.000002 → 20.000001
  百吉福车达芝士片(黄)
(安佳84片黄色再制车达芝士片10×1040g): 23.799999 → 13.999999  [×1.7签名]
  通版面包袋2509版: 1.7 → 1.000000  [×1.7签名]
  马苏里拉碎: 8.9 → 5.235294
## 开心果拿破仑(全部)测试 (item 65, v2 → 新版, 签名行 2/3)
  巧克力淋面: 62.24 → 36.611765
  热集开心果仁(去壳): 11.9 → 7.000000  [×1.7签名]
  通版面包袋2509版: 1.7 → 1.000000  [×1.7签名]
## 开心果拿破仑(半边)测试 (item 66, v2 → 新版, 签名行 2/3)
  巧克力淋面: 21.784 → 12.814118
  热集开心果仁(去壳): 3.4 → 2.000000  [×1.7签名]
  通版面包袋2509版: 1.7 → 1.000000  [×1.7签名]
## 草莓拿破仑(半边)测试 (item 68, v2 → 新版, 签名行 1/3)
  冻干草莓整粒: 2.67 → 1.570588
  巧克力淋面: 62.24 → 36.611765
  通版面包袋2509版: 1.7 → 1.000000  [×1.7签名]